Warning: Created physical library cell for logical library cell mem40lpw512d96sp. (OPT-1413)
Warning: Created physical library cell for logical library cell mem40lpw128d112tp. (OPT-1413)
Warning: Created physical library cell for logical library cell mem40lpw3328d22sphd. (OPT-1413)
 
****************************************
Report : area
Design : stage1WrapChipV2p2
Version: R-2020.09-SP1
Date   : Mon Jun  7 11:12:50 2021
****************************************

Library(s) Used:

    M31GPSC900HL040PR_40N_25CTT1P1_ctyp_ccs (File: /home/Data2/Std_cell/HLMC_40nm_stdcell_M31/M31GPSC900HL040PR_40N_01.00.000/ccs_db/M31GPSC900HL040PR_40N_25CTT1P1_ctyp_ccs.db)
    mem40lpw512d96sp_lib (File: /home/Data1/Chaolin/Workspace/render_eda/mem/hl40lp/db/tt1p1v25c/mem40lpw512d96sp.db)
    mem40lpw128d112tp_lib (File: /home/Data1/Chaolin/Workspace/render_eda/mem/hl40lp/db/tt1p1v25c/mem40lpw128d112tp.db)
    mem40lpw3328d22sphd_lib (File: /home/Data1/Chaolin/Workspace/render_eda/mem/hl40lp/db/tt1p1v25c/mem40lpw3328d22sphd.db)

Number of ports:                      2323174
Number of nets:                       4142670
Number of cells:                      1789241
Number of combinational cells:        1416882
Number of sequential cells:            292048
Number of macros/black boxes:              64
Number of buf/inv:                     277887
Number of references:                      10

Combinational area:            2009648.479224
Buf/Inv area:                   187016.639048
Noncombinational area:         1190580.939867
Macro/Black Box area:          1736181.125000
Net Interconnect area:      undefined  (Wire load has zero net area)

Total cell area:               4936410.544091
Total area:                 undefined

Core Area:                   5379198
Aspect Ratio:                 1.0003
Utilization Ratio:            0.5983


The above information was reported from the logical library. The following are from the physical library:

  Total moveable cell area: 3227801.8
  Total fixed cell area: 0.0
  Total physical cell area: 3227801.8
 Core area: 0.000, 0.000, 2318.960, 2319.660
1
